[  296175ms] [WARNING] [Vue warn]: Unhandled error during execution of component event handler 
  at <AiButton onClick=fn label="AI" loading=false > 
  at <SectionsTab key=1 > 
  at <App> @ http://localhost:3000/node_modules/.vite/deps/chunk-IY6T36J6.js?v=2f8825cf:2196
[  296175ms] [WARNING] [Vue warn]: Unhandled error during execution of native event handler 
  at <AiButton onClick=fn label="AI" loading=false > 
  at <SectionsTab key=1 > 
  at <App> @ http://localhost:3000/node_modules/.vite/deps/chunk-IY6T36J6.js?v=2f8825cf:2196
[  296182ms] TypeError: Cannot read properties of undefined (reading 'stopPropagation')
    at stop (http://localhost:3000/node_modules/.vite/deps/chunk-IY6T36J6.js?v=2f8825cf:12475:18)
    at http://localhost:3000/node_modules/.vite/deps/chunk-IY6T36J6.js?v=2f8825cf:12494:20
    at callWithErrorHandling (http://localhost:3000/node_modules/.vite/deps/chunk-IY6T36J6.js?v=2f8825cf:2344:19)
    at callWithAsyncErrorHandling (http://localhost:3000/node_modules/.vite/deps/chunk-IY6T36J6.js?v=2f8825cf:2351:17)
    at emit (http://localhost:3000/node_modules/.vite/deps/chunk-IY6T36J6.js?v=2f8825cf:6572:5)
    at _createElementBlock.onClick._cache.<computed>._cache.<computed> (http://localhost:3000/src/components/AiButton.vue:38:56)
    at callWithErrorHandling (http://localhost:3000/node_modules/.vite/deps/chunk-IY6T36J6.js?v=2f8825cf:2344:19)
    at callWithAsyncErrorHandling (http://localhost:3000/node_modules/.vite/deps/chunk-IY6T36J6.js?v=2f8825cf:2351:17)
    at HTMLButtonElement.invoker (http://localhost:3000/node_modules/.vite/deps/chunk-IY6T36J6.js?v=2f8825cf:11460:5)
[  298629ms] [WARNING] [Vue warn]: Unhandled error during execution of component event handler 
  at <AiButton onClick=fn label="AI" loading=false > 
  at <SectionsTab key=1 > 
  at <App> @ http://localhost:3000/node_modules/.vite/deps/chunk-IY6T36J6.js?v=2f8825cf:2196
[  298629ms] [WARNING] [Vue warn]: Unhandled error during execution of native event handler 
  at <AiButton onClick=fn label="AI" loading=false > 
  at <SectionsTab key=1 > 
  at <App> @ http://localhost:3000/node_modules/.vite/deps/chunk-IY6T36J6.js?v=2f8825cf:2196
[  298631ms] TypeError: Cannot read properties of undefined (reading 'stopPropagation')
    at stop (http://localhost:3000/node_modules/.vite/deps/chunk-IY6T36J6.js?v=2f8825cf:12475:18)
    at http://localhost:3000/node_modules/.vite/deps/chunk-IY6T36J6.js?v=2f8825cf:12494:20
    at callWithErrorHandling (http://localhost:3000/node_modules/.vite/deps/chunk-IY6T36J6.js?v=2f8825cf:2344:19)
    at callWithAsyncErrorHandling (http://localhost:3000/node_modules/.vite/deps/chunk-IY6T36J6.js?v=2f8825cf:2351:17)
    at emit (http://localhost:3000/node_modules/.vite/deps/chunk-IY6T36J6.js?v=2f8825cf:6572:5)
    at _createElementBlock.onClick._cache.<computed>._cache.<computed> (http://localhost:3000/src/components/AiButton.vue:38:56)
    at callWithErrorHandling (http://localhost:3000/node_modules/.vite/deps/chunk-IY6T36J6.js?v=2f8825cf:2344:19)
    at callWithAsyncErrorHandling (http://localhost:3000/node_modules/.vite/deps/chunk-IY6T36J6.js?v=2f8825cf:2351:17)
    at HTMLButtonElement.invoker (http://localhost:3000/node_modules/.vite/deps/chunk-IY6T36J6.js?v=2f8825cf:11460:5)
[  299508ms] [WARNING] [Vue warn]: Unhandled error during execution of component event handler 
  at <AiButton onClick=fn label="AI" loading=false > 
  at <SectionsTab key=1 > 
  at <App> @ http://localhost:3000/node_modules/.vite/deps/chunk-IY6T36J6.js?v=2f8825cf:2196
[  299508ms] [WARNING] [Vue warn]: Unhandled error during execution of native event handler 
  at <AiButton onClick=fn label="AI" loading=false > 
  at <SectionsTab key=1 > 
  at <App> @ http://localhost:3000/node_modules/.vite/deps/chunk-IY6T36J6.js?v=2f8825cf:2196
[  299508ms] TypeError: Cannot read properties of undefined (reading 'stopPropagation')
    at stop (http://localhost:3000/node_modules/.vite/deps/chunk-IY6T36J6.js?v=2f8825cf:12475:18)
    at http://localhost:3000/node_modules/.vite/deps/chunk-IY6T36J6.js?v=2f8825cf:12494:20
    at callWithErrorHandling (http://localhost:3000/node_modules/.vite/deps/chunk-IY6T36J6.js?v=2f8825cf:2344:19)
    at callWithAsyncErrorHandling (http://localhost:3000/node_modules/.vite/deps/chunk-IY6T36J6.js?v=2f8825cf:2351:17)
    at emit (http://localhost:3000/node_modules/.vite/deps/chunk-IY6T36J6.js?v=2f8825cf:6572:5)
    at _createElementBlock.onClick._cache.<computed>._cache.<computed> (http://localhost:3000/src/components/AiButton.vue:38:56)
    at callWithErrorHandling (http://localhost:3000/node_modules/.vite/deps/chunk-IY6T36J6.js?v=2f8825cf:2344:19)
    at callWithAsyncErrorHandling (http://localhost:3000/node_modules/.vite/deps/chunk-IY6T36J6.js?v=2f8825cf:2351:17)
    at HTMLButtonElement.invoker (http://localhost:3000/node_modules/.vite/deps/chunk-IY6T36J6.js?v=2f8825cf:11460:5)
[  302627ms] [WARNING] [Vue warn]: Unhandled error during execution of component event handler 
  at <AiButton onClick=fn label="AI" loading=false > 
  at <SectionsTab key=1 > 
  at <App> @ http://localhost:3000/node_modules/.vite/deps/chunk-IY6T36J6.js?v=2f8825cf:2196
[  302627ms] [WARNING] [Vue warn]: Unhandled error during execution of native event handler 
  at <AiButton onClick=fn label="AI" loading=false > 
  at <SectionsTab key=1 > 
  at <App> @ http://localhost:3000/node_modules/.vite/deps/chunk-IY6T36J6.js?v=2f8825cf:2196
[  302629ms] TypeError: Cannot read properties of undefined (reading 'stopPropagation')
    at stop (http://localhost:3000/node_modules/.vite/deps/chunk-IY6T36J6.js?v=2f8825cf:12475:18)
    at http://localhost:3000/node_modules/.vite/deps/chunk-IY6T36J6.js?v=2f8825cf:12494:20
    at callWithErrorHandling (http://localhost:3000/node_modules/.vite/deps/chunk-IY6T36J6.js?v=2f8825cf:2344:19)
    at callWithAsyncErrorHandling (http://localhost:3000/node_modules/.vite/deps/chunk-IY6T36J6.js?v=2f8825cf:2351:17)
    at emit (http://localhost:3000/node_modules/.vite/deps/chunk-IY6T36J6.js?v=2f8825cf:6572:5)
    at _createElementBlock.onClick._cache.<computed>._cache.<computed> (http://localhost:3000/src/components/AiButton.vue:38:56)
    at callWithErrorHandling (http://localhost:3000/node_modules/.vite/deps/chunk-IY6T36J6.js?v=2f8825cf:2344:19)
    at callWithAsyncErrorHandling (http://localhost:3000/node_modules/.vite/deps/chunk-IY6T36J6.js?v=2f8825cf:2351:17)
    at HTMLButtonElement.invoker (http://localhost:3000/node_modules/.vite/deps/chunk-IY6T36J6.js?v=2f8825cf:11460:5)
[  303528ms] [WARNING] [Vue warn]: Unhandled error during execution of component event handler 
  at <AiButton onClick=fn label="AI" loading=false > 
  at <SectionsTab key=1 > 
  at <App> @ http://localhost:3000/node_modules/.vite/deps/chunk-IY6T36J6.js?v=2f8825cf:2196
[  303528ms] [WARNING] [Vue warn]: Unhandled error during execution of native event handler 
  at <AiButton onClick=fn label="AI" loading=false > 
  at <SectionsTab key=1 > 
  at <App> @ http://localhost:3000/node_modules/.vite/deps/chunk-IY6T36J6.js?v=2f8825cf:2196
[  303529ms] TypeError: Cannot read properties of undefined (reading 'stopPropagation')
    at stop (http://localhost:3000/node_modules/.vite/deps/chunk-IY6T36J6.js?v=2f8825cf:12475:18)
    at http://localhost:3000/node_modules/.vite/deps/chunk-IY6T36J6.js?v=2f8825cf:12494:20
    at callWithErrorHandling (http://localhost:3000/node_modules/.vite/deps/chunk-IY6T36J6.js?v=2f8825cf:2344:19)
    at callWithAsyncErrorHandling (http://localhost:3000/node_modules/.vite/deps/chunk-IY6T36J6.js?v=2f8825cf:2351:17)
    at emit (http://localhost:3000/node_modules/.vite/deps/chunk-IY6T36J6.js?v=2f8825cf:6572:5)
    at _createElementBlock.onClick._cache.<computed>._cache.<computed> (http://localhost:3000/src/components/AiButton.vue:38:56)
    at callWithErrorHandling (http://localhost:3000/node_modules/.vite/deps/chunk-IY6T36J6.js?v=2f8825cf:2344:19)
    at callWithAsyncErrorHandling (http://localhost:3000/node_modules/.vite/deps/chunk-IY6T36J6.js?v=2f8825cf:2351:17)
    at HTMLButtonElement.invoker (http://localhost:3000/node_modules/.vite/deps/chunk-IY6T36J6.js?v=2f8825cf:11460:5)
[  519128ms] [WARNING] [Vue warn]: Unhandled error during execution of component event handler 
  at <AiButton onClick=fn label="AI" loading=false > 
  at <SectionsTab key=1 > 
  at <App> @ http://localhost:3000/node_modules/.vite/deps/chunk-IY6T36J6.js?v=2f8825cf:2196
[  519128ms] [WARNING] [Vue warn]: Unhandled error during execution of native event handler 
  at <AiButton onClick=fn label="AI" loading=false > 
  at <SectionsTab key=1 > 
  at <App> @ http://localhost:3000/node_modules/.vite/deps/chunk-IY6T36J6.js?v=2f8825cf:2196
[  519133ms] TypeError: Cannot read properties of undefined (reading 'stopPropagation')
    at stop (http://localhost:3000/node_modules/.vite/deps/chunk-IY6T36J6.js?v=2f8825cf:12475:18)
    at http://localhost:3000/node_modules/.vite/deps/chunk-IY6T36J6.js?v=2f8825cf:12494:20
    at callWithErrorHandling (http://localhost:3000/node_modules/.vite/deps/chunk-IY6T36J6.js?v=2f8825cf:2344:19)
    at callWithAsyncErrorHandling (http://localhost:3000/node_modules/.vite/deps/chunk-IY6T36J6.js?v=2f8825cf:2351:17)
    at emit (http://localhost:3000/node_modules/.vite/deps/chunk-IY6T36J6.js?v=2f8825cf:6572:5)
    at _createElementBlock.onClick._cache.<computed>._cache.<computed> (http://localhost:3000/src/components/AiButton.vue:38:56)
    at callWithErrorHandling (http://localhost:3000/node_modules/.vite/deps/chunk-IY6T36J6.js?v=2f8825cf:2344:19)
    at callWithAsyncErrorHandling (http://localhost:3000/node_modules/.vite/deps/chunk-IY6T36J6.js?v=2f8825cf:2351:17)
    at HTMLButtonElement.invoker (http://localhost:3000/node_modules/.vite/deps/chunk-IY6T36J6.js?v=2f8825cf:11460:5)
[  567227ms] [ERROR] WebSocket connection to 'ws://localhost:3000/' failed: Error in connection establishment: net::ERR_CONNECTION_REFUSED @ http://localhost:3000/@vite/client:1034
[  570578ms] [ERROR] WebSocket connection to 'ws://localhost:3000/' failed: Error in connection establishment: net::ERR_CONNECTION_REFUSED @ http://localhost:3000/@vite/client:1034
[  573927ms] [ERROR] WebSocket connection to 'ws://localhost:3000/' failed: Error in connection establishment: net::ERR_CONNECTION_REFUSED @ http://localhost:3000/@vite/client:1034
[  577279ms] [ERROR] WebSocket connection to 'ws://localhost:3000/' failed: Error in connection establishment: net::ERR_CONNECTION_REFUSED @ http://localhost:3000/@vite/client:1034
[  580612ms] [ERROR] WebSocket connection to 'ws://localhost:3000/' failed: Error in connection establishment: net::ERR_CONNECTION_REFUSED @ http://localhost:3000/@vite/client:1034
[  583978ms] [ERROR] WebSocket connection to 'ws://localhost:3000/' failed: Error in connection establishment: net::ERR_CONNECTION_REFUSED @ http://localhost:3000/@vite/client:1034
[  587329ms] [ERROR] WebSocket connection to 'ws://localhost:3000/' failed: Error in connection establishment: net::ERR_CONNECTION_REFUSED @ http://localhost:3000/@vite/client:1034
[  590681ms] [ERROR] WebSocket connection to 'ws://localhost:3000/' failed: Error in connection establishment: net::ERR_CONNECTION_REFUSED @ http://localhost:3000/@vite/client:1034
[  594047ms] [ERROR] WebSocket connection to 'ws://localhost:3000/' failed: Error in connection establishment: net::ERR_CONNECTION_REFUSED @ http://localhost:3000/@vite/client:1034
[  597427ms] [ERROR] WebSocket connection to 'ws://localhost:3000/' failed: Error in connection establishment: net::ERR_CONNECTION_REFUSED @ http://localhost:3000/@vite/client:1034
[  600830ms] [ERROR] WebSocket connection to 'ws://localhost:3000/' failed: Error in connection establishment: net::ERR_CONNECTION_REFUSED @ http://localhost:3000/@vite/client:1034
[  604231ms] [ERROR] WebSocket connection to 'ws://localhost:3000/' failed: Error in connection establishment: net::ERR_CONNECTION_REFUSED @ http://localhost:3000/@vite/client:1034
[  607746ms] [ERROR] WebSocket connection to 'ws://localhost:3000/' failed: Error in connection establishment: net::ERR_CONNECTION_REFUSED @ http://localhost:3000/@vite/client:1034
[  611495ms] [ERROR] WebSocket connection to 'ws://localhost:3000/' failed: Error in connection establishment: net::ERR_CONNECTION_REFUSED @ http://localhost:3000/@vite/client:1034
[  615311ms] [ERROR] WebSocket connection to 'ws://localhost:3000/' failed: Error in connection establishment: net::ERR_CONNECTION_REFUSED @ http://localhost:3000/@vite/client:1034
[  620230ms] [ERROR] WebSocket connection to 'ws://localhost:3000/' failed: Error in connection establishment: net::ERR_CONNECTION_REFUSED @ http://localhost:3000/@vite/client:1034
[  627131ms] [ERROR] WebSocket connection to 'ws://localhost:3000/' failed: Error in connection establishment: net::ERR_CONNECTION_REFUSED @ http://localhost:3000/@vite/client:1034
[  634981ms] [ERROR] WebSocket connection to 'ws://localhost:3000/' failed: Error in connection establishment: net::ERR_CONNECTION_REFUSED @ http://localhost:3000/@vite/client:1034
[  643081ms] [ERROR] WebSocket connection to 'ws://localhost:3000/' failed: Error in connection establishment: net::ERR_CONNECTION_REFUSED @ http://localhost:3000/@vite/client:1034
[  651213ms] [ERROR] WebSocket connection to 'ws://localhost:3000/' failed: Error in connection establishment: net::ERR_CONNECTION_REFUSED @ http://localhost:3000/@vite/client:1034
[  659148ms] [ERROR] WebSocket connection to 'ws://localhost:3000/' failed: Error in connection establishment: net::ERR_CONNECTION_REFUSED @ http://localhost:3000/@vite/client:1034
[  667178ms] [ERROR] WebSocket connection to 'ws://localhost:3000/' failed: Error in connection establishment: net::ERR_CONNECTION_REFUSED @ http://localhost:3000/@vite/client:1034
[  671579ms] [ERROR] WebSocket connection to 'ws://localhost:3000/' failed: Error in connection establishment: net::ERR_CONNECTION_REFUSED @ http://localhost:3000/@vite/client:1034
[  679414ms] [ERROR] WebSocket connection to 'ws://localhost:3000/' failed: Error in connection establishment: net::ERR_CONNECTION_REFUSED @ http://localhost:3000/@vite/client:1034
